node.exe : ÔÜá Warning: Next.js inferred 
your workspace root, but it may not be 
correct.
En línea: 1 Carácter: 1
+ & "C:\Program Files\nodejs/node.exe" 
"C:\Program Files\nodejs/node_mo ...
+ ~~~~~~~~~~~~~~~~~~~~~~~~~~~~~~~~~~~~~~~~~
~~~~~~~~~~~~~~~~~~~~~~~~~~~~
    + CategoryInfo          : NotSpecified 
   : (ÔÜá Warning: Ne...not be correct.:S  
  tring) [], RemoteException
    + FullyQualifiedErrorId : NativeComman 
   dError
 
 We detected multiple lockfiles and 
selected the directory of 
C:\Users\Administrador\package-lock.json 
as the root directory.
 To silence this warning, set 
`turbopack.root` in your Next.js config, 
or consider removing one of the lockfiles 
if it's not needed.
   See https://nextjs.org/docs/app/api-refe
rence/config/next-config-js/turbopack#root-
directory for more information.
 Detected additional lockfiles: 
   * C:\Users\Administrador\Desktop\Naia\pa
ckage-lock.json

Ôû▓ Next.js 16.2.2 (Turbopack)
- Environments: .env

  Creating an optimized production build ...
Ô£ô Compiled successfully in 1648ms
  Running TypeScript ...
Failed to type check.

./prisma/seed_men_products.ts:50:39
Type error: Type '{ name: string; 
description: string; unitPrice: number; 
wholesalePrice: number; presentation: 
string; category: string; gender: string; 
imageUrl: string; }' is not assignable to 
type '(Without<ProductCreateInput, 
ProductUncheckedCreateInput> & 
ProductUncheckedCreateInput) | 
(Without<...> & ProductCreateInput)'.
  Type '{ name: string; description: 
string; unitPrice: number; wholesalePrice: 
number; presentation: string; category: 
string; gender: string; imageUrl: string; 
}' is not assignable to type 
'Without<ProductUncheckedCreateInput, 
ProductCreateInput> & ProductCreateInput'.
    Type '{ name: string; description: 
string; unitPrice: number; wholesalePrice: 
number; presentation: string; category: 
string; gender: string; imageUrl: string; 
}' is not assignable to type 
'ProductCreateInput'.
      Types of property 'gender' are 
incompatible.
        Type 'string' is not assignable to 
type 'Gender | undefined'.

  [90m48 |[0m
  [90m49 |[0m     [36mfor[0m 
([36mconst[0m product [36mof[0m 
products) {
[31m[1m>[0m [90m50 |[0m         
[36mawait[0m prisma.product.create({ 
data: product });
  [90m   |[0m                            
           [31m[1m^[0m
  [90m51 |[0m     }
  [90m52 |[0m
  [90m53 |[0m     console.log([32m'Men 
products seeded!'[0m);
Next.js build worker exited with code: 1 
and signal: null
