prisma/seed_men_products.ts(50,39): error TS2322: Type '{ name: string; description: string; unitPrice: number; wholesalePrice: number; presentation: string; category: string; gender: string; imageUrl: string; }' is not assignable to type '(Without<ProductCreateInput, ProductUncheckedCreateInput> & ProductUncheckedCreateInput) | (Without<...> & ProductCreateInput)'.
  Type '{ name: string; description: string; unitPrice: number; wholesalePrice: number; presentation: string; category: string; gender: string; imageUrl: string; }' is not assignable to type 'Without<ProductUncheckedCreateInput, ProductCreateInput> & ProductCreateInput'.
    Type '{ name: string; description: string; unitPrice: number; wholesalePrice: number; presentation: string; category: string; gender: string; imageUrl: string; }' is not assignable to type 'ProductCreateInput'.
      Types of property 'gender' are incompatible.
        Type 'string' is not assignable to type 'Gender | undefined'.
prisma/seed_women_products.ts(40,39): error TS2322: Type '{ name: string; description: string; unitPrice: number; wholesalePrice: number; presentation: string; category: string; gender: string; imageUrl: string; }' is not assignable to type '(Without<ProductCreateInput, ProductUncheckedCreateInput> & ProductUncheckedCreateInput) | (Without<...> & ProductCreateInput)'.
  Type '{ name: string; description: string; unitPrice: number; wholesalePrice: number; presentation: string; category: string; gender: string; imageUrl: string; }' is not assignable to type 'Without<ProductUncheckedCreateInput, ProductCreateInput> & ProductCreateInput'.
    Type '{ name: string; description: string; unitPrice: number; wholesalePrice: number; presentation: string; category: string; gender: string; imageUrl: string; }' is not assignable to type 'ProductCreateInput'.
      Types of property 'gender' are incompatible.
        Type 'string' is not assignable to type 'Gender | undefined'.
